  Compiling CUDA source file kernel.cu...
  
  C:\Users\yanng\Documents\CEG 4536\Lab4\CEG-4536-Lab4\Lab4_pt4>"C:\Program Files\NVIDIA GPU Computing Toolkit\CUDA\v13.0\bin\nvcc.exe" -gencode=arch=compute_75,code=\"sm_75,compute_75\" --use-local-env -ccbin "C:\Program Files\Microsoft Visual Studio\2022\Professional\VC\Tools\MSVC\14.34.31933\bin\HostX64\x64" -x cu   -I"C:\Program Files\NVIDIA GPU Computing Toolkit\CUDA\v13.0\include" -I"C:\Program Files\NVIDIA GPU Computing Toolkit\CUDA\v13.0\include"  -G   --keep-dir x64\Debug  -maxrregcount=0    --machine 64 --compile -cudart static  -g  -DWIN32 -DWIN64 -D_DEBUG -D_CONSOLE -D_MBCS -Xcompiler "/EHsc /W3 /nologo /Od /FS /Zi /RTC1 /MDd " -Xcompiler "/Fdx64\Debug\vc143.pdb" -o "C:\Users\yanng\Documents\CEG 4536\Lab4\CEG-4536-Lab4\Lab4_pt4\x64\Debug\kernel.cu.obj" "C:\Users\yanng\Documents\CEG 4536\Lab4\CEG-4536-Lab4\Lab4_pt4\kernel.cu" 
C:\Users\yanng\Documents\CEG 4536\Lab4\CEG-4536-Lab4\Lab4_pt4\kernel.cu(144): warning #546-D: transfer of control bypasses initialization of:
              variable "matrixSize" (declared at line 147)
              variable "blockSize" (declared at line 171)
              variable "gridSize" (declared at line 172)
              variable "milliseconds" (declared at line 200)
            goto Error;
            ^
  
  Remark: The warnings can be suppressed with "-diag-suppress <warning-number>"
  
C:\Users\yanng\Documents\CEG 4536\Lab4\CEG-4536-Lab4\Lab4_pt4\kernel.cu(153): warning #546-D: transfer of control bypasses initialization of:
              variable "blockSize" (declared at line 171)
              variable "gridSize" (declared at line 172)
              variable "milliseconds" (declared at line 200)
            goto Error;
            ^
  
C:\Users\yanng\Documents\CEG 4536\Lab4\CEG-4536-Lab4\Lab4_pt4\kernel.cu(159): warning #546-D: transfer of control bypasses initialization of:
              variable "blockSize" (declared at line 171)
              variable "gridSize" (declared at line 172)
              variable "milliseconds" (declared at line 200)
            goto Error;
            ^
  
C:\Users\yanng\Documents\CEG 4536\Lab4\CEG-4536-Lab4\Lab4_pt4\kernel.cu(166): warning #546-D: transfer of control bypasses initialization of:
              variable "blockSize" (declared at line 171)
              variable "gridSize" (declared at line 172)
              variable "milliseconds" (declared at line 200)
            goto Error;
            ^
  
C:\Users\yanng\Documents\CEG 4536\Lab4\CEG-4536-Lab4\Lab4_pt4\kernel.cu(185): warning #546-D: transfer of control bypasses initialization of:
              variable "milliseconds" (declared at line 200)
            goto Error;
            ^
  
C:\Users\yanng\Documents\CEG 4536\Lab4\CEG-4536-Lab4\Lab4_pt4\kernel.cu(192): warning #546-D: transfer of control bypasses initialization of:
              variable "milliseconds" (declared at line 200)
            goto Error;
            ^
  
C:\Users\yanng\Documents\CEG 4536\Lab4\CEG-4536-Lab4\Lab4_pt4\kernel.cu(235): warning #546-D: transfer of control bypasses initialization of:
              variable "blockSize" (declared at line 253)
              variable "gridSize" (declared at line 254)
              variable "milliseconds" (declared at line 281)
            goto Error;
            ^
  
C:\Users\yanng\Documents\CEG 4536\Lab4\CEG-4536-Lab4\Lab4_pt4\kernel.cu(242): warning #546-D: transfer of control bypasses initialization of:
              variable "blockSize" (declared at line 253)
              variable "gridSize" (declared at line 254)
              variable "milliseconds" (declared at line 281)
            goto Error;
            ^
  
C:\Users\yanng\Documents\CEG 4536\Lab4\CEG-4536-Lab4\Lab4_pt4\kernel.cu(249): warning #546-D: transfer of control bypasses initialization of:
              variable "blockSize" (declared at line 253)
              variable "gridSize" (declared at line 254)
              variable "milliseconds" (declared at line 281)
            goto Error;
            ^
  
C:\Users\yanng\Documents\CEG 4536\Lab4\CEG-4536-Lab4\Lab4_pt4\kernel.cu(266): warning #546-D: transfer of control bypasses initialization of:
              variable "milliseconds" (declared at line 281)
            goto Error;
            ^
  
C:\Users\yanng\Documents\CEG 4536\Lab4\CEG-4536-Lab4\Lab4_pt4\kernel.cu(273): warning #546-D: transfer of control bypasses initialization of:
              variable "milliseconds" (declared at line 281)
            goto Error;
            ^
  
C:\Users\yanng\Documents\CEG 4536\Lab4\CEG-4536-Lab4\Lab4_pt4\kernel.cu(144): warning #546-D: transfer of control bypasses initialization of:
              variable "matrixSize" (declared at line 147)
              variable "blockSize" (declared at line 171)
              variable "gridSize" (declared at line 172)
              variable "milliseconds" (declared at line 200)
            goto Error;
            ^
  
  Remark: The warnings can be suppressed with "-diag-suppress <warning-number>"
  
C:\Users\yanng\Documents\CEG 4536\Lab4\CEG-4536-Lab4\Lab4_pt4\kernel.cu(153): warning #546-D: transfer of control bypasses initialization of:
              variable "blockSize" (declared at line 171)
              variable "gridSize" (declared at line 172)
              variable "milliseconds" (declared at line 200)
            goto Error;
            ^
  
C:\Users\yanng\Documents\CEG 4536\Lab4\CEG-4536-Lab4\Lab4_pt4\kernel.cu(159): warning #546-D: transfer of control bypasses initialization of:
              variable "blockSize" (declared at line 171)
              variable "gridSize" (declared at line 172)
              variable "milliseconds" (declared at line 200)
            goto Error;
            ^
  
C:\Users\yanng\Documents\CEG 4536\Lab4\CEG-4536-Lab4\Lab4_pt4\kernel.cu(166): warning #546-D: transfer of control bypasses initialization of:
              variable "blockSize" (declared at line 171)
              variable "gridSize" (declared at line 172)
              variable "milliseconds" (declared at line 200)
            goto Error;
            ^
  
C:\Users\yanng\Documents\CEG 4536\Lab4\CEG-4536-Lab4\Lab4_pt4\kernel.cu(185): warning #546-D: transfer of control bypasses initialization of:
              variable "milliseconds" (declared at line 200)
            goto Error;
            ^
  
C:\Users\yanng\Documents\CEG 4536\Lab4\CEG-4536-Lab4\Lab4_pt4\kernel.cu(192): warning #546-D: transfer of control bypasses initialization of:
              variable "milliseconds" (declared at line 200)
            goto Error;
            ^
  
C:\Users\yanng\Documents\CEG 4536\Lab4\CEG-4536-Lab4\Lab4_pt4\kernel.cu(235): warning #546-D: transfer of control bypasses initialization of:
              variable "blockSize" (declared at line 253)
              variable "gridSize" (declared at line 254)
              variable "milliseconds" (declared at line 281)
            goto Error;
            ^
  
C:\Users\yanng\Documents\CEG 4536\Lab4\CEG-4536-Lab4\Lab4_pt4\kernel.cu(242): warning #546-D: transfer of control bypasses initialization of:
              variable "blockSize" (declared at line 253)
              variable "gridSize" (declared at line 254)
              variable "milliseconds" (declared at line 281)
            goto Error;
            ^
  
C:\Users\yanng\Documents\CEG 4536\Lab4\CEG-4536-Lab4\Lab4_pt4\kernel.cu(249): warning #546-D: transfer of control bypasses initialization of:
              variable "blockSize" (declared at line 253)
              variable "gridSize" (declared at line 254)
              variable "milliseconds" (declared at line 281)
            goto Error;
            ^
  
C:\Users\yanng\Documents\CEG 4536\Lab4\CEG-4536-Lab4\Lab4_pt4\kernel.cu(266): warning #546-D: transfer of control bypasses initialization of:
              variable "milliseconds" (declared at line 281)
            goto Error;
            ^
  
C:\Users\yanng\Documents\CEG 4536\Lab4\CEG-4536-Lab4\Lab4_pt4\kernel.cu(273): warning #546-D: transfer of control bypasses initialization of:
              variable "milliseconds" (declared at line 281)
            goto Error;
            ^
  
  kernel.cu
  tmpxft_000010f8_00000000-7_kernel.cudafe1.cpp
C:\Users\yanng\Documents\CEG 4536\Lab4\CEG-4536-Lab4\Lab4_pt4\kernel.cu(172): warning C4533: initialization of 'gridSize' is skipped by 'goto Error'
  C:\Users\yanng\Documents\CEG 4536\Lab4\CEG-4536-Lab4\Lab4_pt4\kernel.cu(172): note: see declaration of 'gridSize'
  C:\Users\yanng\Documents\CEG 4536\Lab4\CEG-4536-Lab4\Lab4_pt4\kernel.cu(211): note: see declaration of 'Error'
C:\Users\yanng\Documents\CEG 4536\Lab4\CEG-4536-Lab4\Lab4_pt4\kernel.cu(171): warning C4533: initialization of 'blockSize' is skipped by 'goto Error'
  C:\Users\yanng\Documents\CEG 4536\Lab4\CEG-4536-Lab4\Lab4_pt4\kernel.cu(171): note: see declaration of 'blockSize'
  C:\Users\yanng\Documents\CEG 4536\Lab4\CEG-4536-Lab4\Lab4_pt4\kernel.cu(211): note: see declaration of 'Error'
     Creating library C:\Users\yanng\Documents\CEG 4536\Lab4\CEG-4536-Lab4\Lab4_pt4\x64\Debug\Lab4_pt4.lib and object C:\Users\yanng\Documents\CEG 4536\Lab4\CEG-4536-Lab4\Lab4_pt4\x64\Debug\Lab4_pt4.exp
LINK : warning LNK4098: defaultlib 'LIBCMT' conflicts with use of other libs; use /NODEFAULTLIB:library
  Lab4_pt4.vcxproj -> C:\Users\yanng\Documents\CEG 4536\Lab4\CEG-4536-Lab4\Lab4_pt4\x64\Debug\Lab4_pt4.exe
