  Compiling CUDA source file kernel.cu...
  
  C:\Users\louis\OneDrive\Desktop\School Locker\CEG 4536\CEG-4536-Lab4\Lab4_pt3>"C:\Program Files\NVIDIA GPU Computing Toolkit\CUDA\v13.0\bin\nvcc.exe" -gencode=arch=compute_75,code=\"sm_75,compute_75\" --use-local-env -ccbin "C:\Program Files\Microsoft Visual Studio\2022\Community\VC\Tools\MSVC\14.44.35207\bin\HostX64\x64" -x cu   -I"C:\Program Files\NVIDIA GPU Computing Toolkit\CUDA\v13.0\include" -I"C:\Program Files\NVIDIA GPU Computing Toolkit\CUDA\v13.0\include"  -G   --keep-dir Lab4_pt3\x64\Debug  -maxrregcount=0    --machine 64 --compile -cudart static  -g  -DWIN32 -DWIN64 -D_DEBUG -D_CONSOLE -D_MBCS -Xcompiler "/EHsc /W3 /nologo /Od /FS /Zi /RTC1 /MDd " -Xcompiler "/FdLab4_pt3\x64\Debug\vc143.pdb" -o "C:\Users\louis\OneDrive\Desktop\School Locker\CEG 4536\CEG-4536-Lab4\Lab4_pt3\Lab4_pt3\x64\Debug\kernel.cu.obj" "C:\Users\louis\OneDrive\Desktop\School Locker\CEG 4536\CEG-4536-Lab4\Lab4_pt3\kernel.cu" 
C:\Users\louis\OneDrive\Desktop\School Locker\CEG 4536\CEG-4536-Lab4\Lab4_pt3\kernel.cu(191): warning #546-D: transfer of control bypasses initialization of:
              variable "matrixSize" (declared at line 194)
              variable "blockSize" (declared at line 218)
              variable "gridSize" (declared at line 219)
              variable "milliseconds" (declared at line 247)
            goto Error;
            ^
  
  Remark: The warnings can be suppressed with "-diag-suppress <warning-number>"
  
C:\Users\louis\OneDrive\Desktop\School Locker\CEG 4536\CEG-4536-Lab4\Lab4_pt3\kernel.cu(200): warning #546-D: transfer of control bypasses initialization of:
              variable "blockSize" (declared at line 218)
              variable "gridSize" (declared at line 219)
              variable "milliseconds" (declared at line 247)
            goto Error;
            ^
  
C:\Users\louis\OneDrive\Desktop\School Locker\CEG 4536\CEG-4536-Lab4\Lab4_pt3\kernel.cu(206): warning #546-D: transfer of control bypasses initialization of:
              variable "blockSize" (declared at line 218)
              variable "gridSize" (declared at line 219)
              variable "milliseconds" (declared at line 247)
            goto Error;
            ^
  
C:\Users\louis\OneDrive\Desktop\School Locker\CEG 4536\CEG-4536-Lab4\Lab4_pt3\kernel.cu(213): warning #546-D: transfer of control bypasses initialization of:
              variable "blockSize" (declared at line 218)
              variable "gridSize" (declared at line 219)
              variable "milliseconds" (declared at line 247)
            goto Error;
            ^
  
C:\Users\louis\OneDrive\Desktop\School Locker\CEG 4536\CEG-4536-Lab4\Lab4_pt3\kernel.cu(232): warning #546-D: transfer of control bypasses initialization of:
              variable "milliseconds" (declared at line 247)
            goto Error;
            ^
  
C:\Users\louis\OneDrive\Desktop\School Locker\CEG 4536\CEG-4536-Lab4\Lab4_pt3\kernel.cu(239): warning #546-D: transfer of control bypasses initialization of:
              variable "milliseconds" (declared at line 247)
            goto Error;
            ^
  
C:\Users\louis\OneDrive\Desktop\School Locker\CEG 4536\CEG-4536-Lab4\Lab4_pt3\kernel.cu(282): warning #546-D: transfer of control bypasses initialization of:
              variable "blockSize" (declared at line 300)
              variable "gridSize" (declared at line 301)
              variable "intermediate" (declared at line 324)
              variable "final_sum" (declared at line 338)
              variable "milliseconds" (declared at line 350)
            goto Error;
            ^
  
C:\Users\louis\OneDrive\Desktop\School Locker\CEG 4536\CEG-4536-Lab4\Lab4_pt3\kernel.cu(289): warning #546-D: transfer of control bypasses initialization of:
              variable "blockSize" (declared at line 300)
              variable "gridSize" (declared at line 301)
              variable "intermediate" (declared at line 324)
              variable "final_sum" (declared at line 338)
              variable "milliseconds" (declared at line 350)
            goto Error;
            ^
  
C:\Users\louis\OneDrive\Desktop\School Locker\CEG 4536\CEG-4536-Lab4\Lab4_pt3\kernel.cu(296): warning #546-D: transfer of control bypasses initialization of:
              variable "blockSize" (declared at line 300)
              variable "gridSize" (declared at line 301)
              variable "intermediate" (declared at line 324)
              variable "final_sum" (declared at line 338)
              variable "milliseconds" (declared at line 350)
            goto Error;
            ^
  
C:\Users\louis\OneDrive\Desktop\School Locker\CEG 4536\CEG-4536-Lab4\Lab4_pt3\kernel.cu(313): warning #546-D: transfer of control bypasses initialization of:
              variable "intermediate" (declared at line 324)
              variable "final_sum" (declared at line 338)
              variable "milliseconds" (declared at line 350)
            goto Error;
            ^
  
C:\Users\louis\OneDrive\Desktop\School Locker\CEG 4536\CEG-4536-Lab4\Lab4_pt3\kernel.cu(320): warning #546-D: transfer of control bypasses initialization of:
              variable "intermediate" (declared at line 324)
              variable "final_sum" (declared at line 338)
              variable "milliseconds" (declared at line 350)
            goto Error;
            ^
  
C:\Users\louis\OneDrive\Desktop\School Locker\CEG 4536\CEG-4536-Lab4\Lab4_pt3\kernel.cu(327): warning #546-D: transfer of control bypasses initialization of:
              variable "final_sum" (declared at line 338)
              variable "milliseconds" (declared at line 350)
            goto Error;
            ^
  
C:\Users\louis\OneDrive\Desktop\School Locker\CEG 4536\CEG-4536-Lab4\Lab4_pt3\kernel.cu(334): warning #546-D: transfer of control bypasses initialization of:
              variable "final_sum" (declared at line 338)
              variable "milliseconds" (declared at line 350)
            goto Error;
            ^
  
C:\Users\louis\OneDrive\Desktop\School Locker\CEG 4536\CEG-4536-Lab4\Lab4_pt3\kernel.cu(191): warning #546-D: transfer of control bypasses initialization of:
              variable "matrixSize" (declared at line 194)
              variable "blockSize" (declared at line 218)
              variable "gridSize" (declared at line 219)
              variable "milliseconds" (declared at line 247)
            goto Error;
            ^
  
  Remark: The warnings can be suppressed with "-diag-suppress <warning-number>"
  
C:\Users\louis\OneDrive\Desktop\School Locker\CEG 4536\CEG-4536-Lab4\Lab4_pt3\kernel.cu(200): warning #546-D: transfer of control bypasses initialization of:
              variable "blockSize" (declared at line 218)
              variable "gridSize" (declared at line 219)
              variable "milliseconds" (declared at line 247)
            goto Error;
            ^
  
C:\Users\louis\OneDrive\Desktop\School Locker\CEG 4536\CEG-4536-Lab4\Lab4_pt3\kernel.cu(206): warning #546-D: transfer of control bypasses initialization of:
              variable "blockSize" (declared at line 218)
              variable "gridSize" (declared at line 219)
              variable "milliseconds" (declared at line 247)
            goto Error;
            ^
  
C:\Users\louis\OneDrive\Desktop\School Locker\CEG 4536\CEG-4536-Lab4\Lab4_pt3\kernel.cu(213): warning #546-D: transfer of control bypasses initialization of:
              variable "blockSize" (declared at line 218)
              variable "gridSize" (declared at line 219)
              variable "milliseconds" (declared at line 247)
            goto Error;
            ^
  
C:\Users\louis\OneDrive\Desktop\School Locker\CEG 4536\CEG-4536-Lab4\Lab4_pt3\kernel.cu(232): warning #546-D: transfer of control bypasses initialization of:
              variable "milliseconds" (declared at line 247)
            goto Error;
            ^
  
C:\Users\louis\OneDrive\Desktop\School Locker\CEG 4536\CEG-4536-Lab4\Lab4_pt3\kernel.cu(239): warning #546-D: transfer of control bypasses initialization of:
              variable "milliseconds" (declared at line 247)
            goto Error;
            ^
  
C:\Users\louis\OneDrive\Desktop\School Locker\CEG 4536\CEG-4536-Lab4\Lab4_pt3\kernel.cu(282): warning #546-D: transfer of control bypasses initialization of:
              variable "blockSize" (declared at line 300)
              variable "gridSize" (declared at line 301)
              variable "intermediate" (declared at line 324)
              variable "final_sum" (declared at line 338)
              variable "milliseconds" (declared at line 350)
            goto Error;
            ^
  
C:\Users\louis\OneDrive\Desktop\School Locker\CEG 4536\CEG-4536-Lab4\Lab4_pt3\kernel.cu(289): warning #546-D: transfer of control bypasses initialization of:
              variable "blockSize" (declared at line 300)
              variable "gridSize" (declared at line 301)
              variable "intermediate" (declared at line 324)
              variable "final_sum" (declared at line 338)
              variable "milliseconds" (declared at line 350)
            goto Error;
            ^
  
C:\Users\louis\OneDrive\Desktop\School Locker\CEG 4536\CEG-4536-Lab4\Lab4_pt3\kernel.cu(296): warning #546-D: transfer of control bypasses initialization of:
              variable "blockSize" (declared at line 300)
              variable "gridSize" (declared at line 301)
              variable "intermediate" (declared at line 324)
              variable "final_sum" (declared at line 338)
              variable "milliseconds" (declared at line 350)
            goto Error;
            ^
  
C:\Users\louis\OneDrive\Desktop\School Locker\CEG 4536\CEG-4536-Lab4\Lab4_pt3\kernel.cu(313): warning #546-D: transfer of control bypasses initialization of:
              variable "intermediate" (declared at line 324)
              variable "final_sum" (declared at line 338)
              variable "milliseconds" (declared at line 350)
            goto Error;
            ^
  
C:\Users\louis\OneDrive\Desktop\School Locker\CEG 4536\CEG-4536-Lab4\Lab4_pt3\kernel.cu(320): warning #546-D: transfer of control bypasses initialization of:
              variable "intermediate" (declared at line 324)
              variable "final_sum" (declared at line 338)
              variable "milliseconds" (declared at line 350)
            goto Error;
            ^
  
C:\Users\louis\OneDrive\Desktop\School Locker\CEG 4536\CEG-4536-Lab4\Lab4_pt3\kernel.cu(327): warning #546-D: transfer of control bypasses initialization of:
              variable "final_sum" (declared at line 338)
              variable "milliseconds" (declared at line 350)
            goto Error;
            ^
  
C:\Users\louis\OneDrive\Desktop\School Locker\CEG 4536\CEG-4536-Lab4\Lab4_pt3\kernel.cu(334): warning #546-D: transfer of control bypasses initialization of:
              variable "final_sum" (declared at line 338)
              variable "milliseconds" (declared at line 350)
            goto Error;
            ^
  
  kernel.cu
  tmpxft_000015dc_00000000-7_kernel.cudafe1.cpp
C:\Users\louis\OneDrive\Desktop\School Locker\CEG 4536\CEG-4536-Lab4\Lab4_pt3\kernel.cu(219): warning C4533: initialization of 'gridSize' is skipped by 'goto Error'
  C:\Users\louis\OneDrive\Desktop\School Locker\CEG 4536\CEG-4536-Lab4\Lab4_pt3\kernel.cu(219): note: see declaration of 'gridSize'
  C:\Users\louis\OneDrive\Desktop\School Locker\CEG 4536\CEG-4536-Lab4\Lab4_pt3\kernel.cu(258): note: see declaration of 'Error'
C:\Users\louis\OneDrive\Desktop\School Locker\CEG 4536\CEG-4536-Lab4\Lab4_pt3\kernel.cu(218): warning C4533: initialization of 'blockSize' is skipped by 'goto Error'
  C:\Users\louis\OneDrive\Desktop\School Locker\CEG 4536\CEG-4536-Lab4\Lab4_pt3\kernel.cu(218): note: see declaration of 'blockSize'
  C:\Users\louis\OneDrive\Desktop\School Locker\CEG 4536\CEG-4536-Lab4\Lab4_pt3\kernel.cu(258): note: see declaration of 'Error'
  Lab4_pt3.vcxproj -> C:\Users\louis\OneDrive\Desktop\School Locker\CEG 4536\CEG-4536-Lab4\Lab4_pt3\x64\Debug\Lab4_pt3.exe
