  Compiling CUDA source file kernel.cu...
  
  C:\Users\louis\OneDrive\Desktop\School Locker\CEG 4536\CEG-4536-Lab4\Lab4_pt4>"C:\Program Files\NVIDIA GPU Computing Toolkit\CUDA\v13.0\bin\nvcc.exe" -gencode=arch=compute_75,code=\"sm_75,compute_75\" --use-local-env -ccbin "C:\Program Files\Microsoft Visual Studio\2022\Community\VC\Tools\MSVC\14.44.35207\bin\HostX64\x64" -x cu   -I"C:\Program Files\NVIDIA GPU Computing Toolkit\CUDA\v13.0\include" -I"C:\Program Files\NVIDIA GPU Computing Toolkit\CUDA\v13.0\include"  -G   --keep-dir Lab4_pt4\x64\Debug  -maxrregcount=0    --machine 64 --compile -cudart static  -g  -DWIN32 -DWIN64 -D_DEBUG -D_CONSOLE -D_MBCS -Xcompiler "/EHsc /W3 /nologo /Od /FS /Zi /RTC1 /MDd " -Xcompiler "/FdLab4_pt4\x64\Debug\vc143.pdb" -o "C:\Users\louis\OneDrive\Desktop\School Locker\CEG 4536\CEG-4536-Lab4\Lab4_pt4\Lab4_pt4\x64\Debug\kernel.cu.obj" "C:\Users\louis\OneDrive\Desktop\School Locker\CEG 4536\CEG-4536-Lab4\Lab4_pt4\kernel.cu" 
C:\Users\louis\OneDrive\Desktop\School Locker\CEG 4536\CEG-4536-Lab4\Lab4_pt4\kernel.cu(182): warning #546-D: transfer of control bypasses initialization of:
              variable "matrixSize" (declared at line 185)
              variable "blockSize" (declared at line 209)
              variable "gridSize" (declared at line 210)
              variable "milliseconds" (declared at line 238)
            goto Error;
            ^
  
  Remark: The warnings can be suppressed with "-diag-suppress <warning-number>"
  
C:\Users\louis\OneDrive\Desktop\School Locker\CEG 4536\CEG-4536-Lab4\Lab4_pt4\kernel.cu(191): warning #546-D: transfer of control bypasses initialization of:
              variable "blockSize" (declared at line 209)
              variable "gridSize" (declared at line 210)
              variable "milliseconds" (declared at line 238)
            goto Error;
            ^
  
C:\Users\louis\OneDrive\Desktop\School Locker\CEG 4536\CEG-4536-Lab4\Lab4_pt4\kernel.cu(197): warning #546-D: transfer of control bypasses initialization of:
              variable "blockSize" (declared at line 209)
              variable "gridSize" (declared at line 210)
              variable "milliseconds" (declared at line 238)
            goto Error;
            ^
  
C:\Users\louis\OneDrive\Desktop\School Locker\CEG 4536\CEG-4536-Lab4\Lab4_pt4\kernel.cu(204): warning #546-D: transfer of control bypasses initialization of:
              variable "blockSize" (declared at line 209)
              variable "gridSize" (declared at line 210)
              variable "milliseconds" (declared at line 238)
            goto Error;
            ^
  
C:\Users\louis\OneDrive\Desktop\School Locker\CEG 4536\CEG-4536-Lab4\Lab4_pt4\kernel.cu(223): warning #546-D: transfer of control bypasses initialization of:
              variable "milliseconds" (declared at line 238)
            goto Error;
            ^
  
C:\Users\louis\OneDrive\Desktop\School Locker\CEG 4536\CEG-4536-Lab4\Lab4_pt4\kernel.cu(230): warning #546-D: transfer of control bypasses initialization of:
              variable "milliseconds" (declared at line 238)
            goto Error;
            ^
  
C:\Users\louis\OneDrive\Desktop\School Locker\CEG 4536\CEG-4536-Lab4\Lab4_pt4\kernel.cu(273): warning #546-D: transfer of control bypasses initialization of:
              variable "blockSize" (declared at line 291)
              variable "gridSize" (declared at line 292)
              variable "milliseconds" (declared at line 319)
            goto Error;
            ^
  
C:\Users\louis\OneDrive\Desktop\School Locker\CEG 4536\CEG-4536-Lab4\Lab4_pt4\kernel.cu(280): warning #546-D: transfer of control bypasses initialization of:
              variable "blockSize" (declared at line 291)
              variable "gridSize" (declared at line 292)
              variable "milliseconds" (declared at line 319)
            goto Error;
            ^
  
C:\Users\louis\OneDrive\Desktop\School Locker\CEG 4536\CEG-4536-Lab4\Lab4_pt4\kernel.cu(287): warning #546-D: transfer of control bypasses initialization of:
              variable "blockSize" (declared at line 291)
              variable "gridSize" (declared at line 292)
              variable "milliseconds" (declared at line 319)
            goto Error;
            ^
  
C:\Users\louis\OneDrive\Desktop\School Locker\CEG 4536\CEG-4536-Lab4\Lab4_pt4\kernel.cu(304): warning #546-D: transfer of control bypasses initialization of:
              variable "milliseconds" (declared at line 319)
            goto Error;
            ^
  
C:\Users\louis\OneDrive\Desktop\School Locker\CEG 4536\CEG-4536-Lab4\Lab4_pt4\kernel.cu(311): warning #546-D: transfer of control bypasses initialization of:
              variable "milliseconds" (declared at line 319)
            goto Error;
            ^
  
C:\Users\louis\OneDrive\Desktop\School Locker\CEG 4536\CEG-4536-Lab4\Lab4_pt4\kernel.cu(182): warning #546-D: transfer of control bypasses initialization of:
              variable "matrixSize" (declared at line 185)
              variable "blockSize" (declared at line 209)
              variable "gridSize" (declared at line 210)
              variable "milliseconds" (declared at line 238)
            goto Error;
            ^
  
  Remark: The warnings can be suppressed with "-diag-suppress <warning-number>"
  
C:\Users\louis\OneDrive\Desktop\School Locker\CEG 4536\CEG-4536-Lab4\Lab4_pt4\kernel.cu(191): warning #546-D: transfer of control bypasses initialization of:
              variable "blockSize" (declared at line 209)
              variable "gridSize" (declared at line 210)
              variable "milliseconds" (declared at line 238)
            goto Error;
            ^
  
C:\Users\louis\OneDrive\Desktop\School Locker\CEG 4536\CEG-4536-Lab4\Lab4_pt4\kernel.cu(197): warning #546-D: transfer of control bypasses initialization of:
              variable "blockSize" (declared at line 209)
              variable "gridSize" (declared at line 210)
              variable "milliseconds" (declared at line 238)
            goto Error;
            ^
  
C:\Users\louis\OneDrive\Desktop\School Locker\CEG 4536\CEG-4536-Lab4\Lab4_pt4\kernel.cu(204): warning #546-D: transfer of control bypasses initialization of:
              variable "blockSize" (declared at line 209)
              variable "gridSize" (declared at line 210)
              variable "milliseconds" (declared at line 238)
            goto Error;
            ^
  
C:\Users\louis\OneDrive\Desktop\School Locker\CEG 4536\CEG-4536-Lab4\Lab4_pt4\kernel.cu(223): warning #546-D: transfer of control bypasses initialization of:
              variable "milliseconds" (declared at line 238)
            goto Error;
            ^
  
C:\Users\louis\OneDrive\Desktop\School Locker\CEG 4536\CEG-4536-Lab4\Lab4_pt4\kernel.cu(230): warning #546-D: transfer of control bypasses initialization of:
              variable "milliseconds" (declared at line 238)
            goto Error;
            ^
  
C:\Users\louis\OneDrive\Desktop\School Locker\CEG 4536\CEG-4536-Lab4\Lab4_pt4\kernel.cu(273): warning #546-D: transfer of control bypasses initialization of:
              variable "blockSize" (declared at line 291)
              variable "gridSize" (declared at line 292)
              variable "milliseconds" (declared at line 319)
            goto Error;
            ^
  
C:\Users\louis\OneDrive\Desktop\School Locker\CEG 4536\CEG-4536-Lab4\Lab4_pt4\kernel.cu(280): warning #546-D: transfer of control bypasses initialization of:
              variable "blockSize" (declared at line 291)
              variable "gridSize" (declared at line 292)
              variable "milliseconds" (declared at line 319)
            goto Error;
            ^
  
C:\Users\louis\OneDrive\Desktop\School Locker\CEG 4536\CEG-4536-Lab4\Lab4_pt4\kernel.cu(287): warning #546-D: transfer of control bypasses initialization of:
              variable "blockSize" (declared at line 291)
              variable "gridSize" (declared at line 292)
              variable "milliseconds" (declared at line 319)
            goto Error;
            ^
  
C:\Users\louis\OneDrive\Desktop\School Locker\CEG 4536\CEG-4536-Lab4\Lab4_pt4\kernel.cu(304): warning #546-D: transfer of control bypasses initialization of:
              variable "milliseconds" (declared at line 319)
            goto Error;
            ^
  
C:\Users\louis\OneDrive\Desktop\School Locker\CEG 4536\CEG-4536-Lab4\Lab4_pt4\kernel.cu(311): warning #546-D: transfer of control bypasses initialization of:
              variable "milliseconds" (declared at line 319)
            goto Error;
            ^
  
  kernel.cu
  tmpxft_0000c1d8_00000000-7_kernel.cudafe1.cpp
C:\Users\louis\OneDrive\Desktop\School Locker\CEG 4536\CEG-4536-Lab4\Lab4_pt4\kernel.cu(210): warning C4533: initialization of 'gridSize' is skipped by 'goto Error'
  C:\Users\louis\OneDrive\Desktop\School Locker\CEG 4536\CEG-4536-Lab4\Lab4_pt4\kernel.cu(210): note: see declaration of 'gridSize'
  C:\Users\louis\OneDrive\Desktop\School Locker\CEG 4536\CEG-4536-Lab4\Lab4_pt4\kernel.cu(249): note: see declaration of 'Error'
C:\Users\louis\OneDrive\Desktop\School Locker\CEG 4536\CEG-4536-Lab4\Lab4_pt4\kernel.cu(209): warning C4533: initialization of 'blockSize' is skipped by 'goto Error'
  C:\Users\louis\OneDrive\Desktop\School Locker\CEG 4536\CEG-4536-Lab4\Lab4_pt4\kernel.cu(209): note: see declaration of 'blockSize'
  C:\Users\louis\OneDrive\Desktop\School Locker\CEG 4536\CEG-4536-Lab4\Lab4_pt4\kernel.cu(249): note: see declaration of 'Error'
     Creating library C:\Users\louis\OneDrive\Desktop\School Locker\CEG 4536\CEG-4536-Lab4\Lab4_pt4\x64\Debug\Lab4_pt4.lib and object C:\Users\louis\OneDrive\Desktop\School Locker\CEG 4536\CEG-4536-Lab4\Lab4_pt4\x64\Debug\Lab4_pt4.exp
LINK : warning LNK4098: defaultlib 'LIBCMT' conflicts with use of other libs; use /NODEFAULTLIB:library
  Lab4_pt4.vcxproj -> C:\Users\louis\OneDrive\Desktop\School Locker\CEG 4536\CEG-4536-Lab4\Lab4_pt4\x64\Debug\Lab4_pt4.exe
